[2026-07-21 18:03:49.289 -07:00] [INF] [62] Emby.Server.Implementations.ScheduledTasks.TaskManager: "Audio Normalization" Completed after 0 minute(s) and 0 seconds
[2026-07-21 18:03:49.288 -07:00] [INF] [64] Emby.Server.Implementations.ScheduledTasks.TaskManager: "Download missing subtitles" Completed after 0 minute(s) and 0 seconds
[2026-07-21 18:03:49.300 -07:00] [INF] [138] Emby.Server.Implementations.ScheduledTasks.TaskManager: "Clean Transcode Directory" Completed after 0 minute(s) and 0 seconds
[2026-07-21 18:03:49.301 -07:00] [INF] [131] Emby.Server.Implementations.ScheduledTasks.TaskManager: "Clean Log Directory" Completed after 0 minute(s) and 0 seconds
[2026-07-21 18:03:49.362 -07:00] [INF] [134] Emby.Server.Implementations.ScheduledTasks.TaskManager: "Clean Cache Directory" Completed after 0 minute(s) and 0 seconds
[2026-07-21 18:03:49.394 -07:00] [INF] [123] Emby.Server.Implementations.ScheduledTasks.TaskManager: "TasksRefreshChannels" Completed after 0 minute(s) and 0 seconds
[2026-07-21 18:03:49.414 -07:00] [INF] [63] Emby.Server.Implementations.ScheduledTasks.TaskManager: "Download missing lyrics" Completed after 0 minute(s) and 0 seconds
[2026-07-21 18:03:49.738 -07:00] [INF] [122] Emby.Server.Implementations.ScheduledTasks.TaskManager: "Update Plugins" Completed after 0 minute(s) and 0 seconds
[2026-07-21 18:03:52.415 -07:00] [INF] [63] Jellyfin.LiveTv.Guide.GuideManager: Refreshing guide with 7 days of guide data
[2026-07-21 18:03:52.426 -07:00] [INF] [63] Emby.Server.Implementations.ScheduledTasks.TaskManager: "Refresh Guide" Completed after 0 minute(s) and 3 seconds
[2026-07-21 18:04:50.306 -07:00] [INF] [63] Emby.Server.Implementations.Library.LibraryManager: Validating media library
[2026-07-21 18:04:50.311 -07:00] [INF] [139] Emby.Server.Implementations.ScheduledTasks.TaskManager: "Media Segment Scan" Completed after 0 minute(s) and 0 seconds
[2026-07-21 18:04:50.338 -07:00] [WRN] [63] MediaBrowser.Controller.Entities.BaseItem: Library folder "/config/data/data/playlists" is inaccessible or empty, skipping
[2026-07-21 18:04:50.344 -07:00] [WRN] [63] MediaBrowser.Controller.Entities.BaseItem: Library folder "/config/data/data/playlists" is inaccessible or empty, skipping
[2026-07-21 18:04:50.352 -07:00] [INF] [63] Emby.Server.Implementations.ScheduledTasks.TaskManager: "Scan Media Library" Completed after 0 minute(s) and 0 seconds
[2026-07-21 18:06:52.339 -07:00] [INF] [126] Emby.Server.Implementations.ScheduledTasks.Tasks.OptimizeDatabaseTask: Optimizing and vacuuming jellyfin.db...
[2026-07-21 18:06:52.625 -07:00] [INF] [126] Jellyfin.Database.Providers.Sqlite.SqliteDatabaseProvider: jellyfin.db optimized successfully!
[2026-07-21 18:06:52.625 -07:00] [INF] [126] Emby.Server.Implementations.ScheduledTasks.TaskManager: "Optimize database" Completed after 0 minute(s) and 0 seconds
[2026-07-21 21:05:31.476 -07:00] [INF] [128] Emby.Server.Implementations.Session.SessionManager: Sending shutdown notifications
[2026-07-21 21:05:31.495 -07:00] [INF] [143] Main: Running query planner optimizations in the database... This might take a while
[2026-07-21 21:05:31.559 -07:00] [INF] [143] Emby.Server.Implementations.ApplicationHost: Disposing "CoreAppHost"
[2026-07-21 21:05:31.559 -07:00] [INF] [143] Emby.Server.Implementations.ApplicationHost: Disposing "MusicBrainzArtistProvider"
[2026-07-21 21:05:31.560 -07:00] [INF] [143] Emby.Server.Implementations.ApplicationHost: Disposing "MusicBrainzAlbumProvider"
[2026-07-21 21:05:31.560 -07:00] [INF] [143] Emby.Server.Implementations.ApplicationHost: Disposing "PluginManager"
[2026-07-21 21:05:37.646 -07:00] [INF] [1] Emby.Server.Implementations.AppBase.BaseConfigurationManager: Setting cache path: "/config/cache"
[2026-07-21 21:05:37.862 -07:00] [INF] [7] Jellyfin.Server.ServerSetupApp.SetupServer: Kestrel is listening on "all interfaces"
[2026-07-21 21:05:37.884 -07:00] [INF] [7] Main: Jellyfin version: "10.11.11"
[2026-07-21 21:05:37.885 -07:00] [INF] [7] Main: Environment Variables: ["[JELLYFIN_CACHE_DIR, /config/cache]", "[JELLYFIN_CONFIG_DIR, /config]", "[JELLYFIN_LOG_DIR, /config/log]", "[JELLYFIN_DATA_DIR, /config/data]", "[JELLYFIN_WEB_DIR, /usr/share/jellyfin/web]"]
[2026-07-21 21:05:37.886 -07:00] [INF] [7] Main: Arguments: ["/usr/lib/jellyfin/bin/jellyfin.dll", "--ffmpeg=/usr/lib/jellyfin-ffmpeg/ffmpeg"]
[2026-07-21 21:05:37.887 -07:00] [INF] [7] Main: Operating system: "Ubuntu 24.04.4 LTS"
[2026-07-21 21:05:37.887 -07:00] [INF] [7] Main: Architecture: Arm64
[2026-07-21 21:05:37.888 -07:00] [INF] [7] Main: 64-Bit Process: True
[2026-07-21 21:05:37.888 -07:00] [INF] [7] Main: User Interactive: True
[2026-07-21 21:05:37.888 -07:00] [INF] [7] Main: Processor count: 10
[2026-07-21 21:05:37.888 -07:00] [INF] [7] Main: Program data path: "/config/data"
[2026-07-21 21:05:37.888 -07:00] [INF] [7] Main: Log directory path: "/config/log"
[2026-07-21 21:05:37.888 -07:00] [INF] [7] Main: Config directory path: "/config"
[2026-07-21 21:05:37.888 -07:00] [INF] [7] Main: Cache path: "/config/cache"
[2026-07-21 21:05:37.888 -07:00] [INF] [7] Main: Temp directory path: "/tmp/jellyfin"
[2026-07-21 21:05:37.888 -07:00] [INF] [7] Main: Web resources path: "/usr/share/jellyfin/web"
[2026-07-21 21:05:37.888 -07:00] [INF] [7] Main: Application directory: "/usr/lib/jellyfin/bin/"
[2026-07-21 21:05:37.904 -07:00] [INF] [7] Jellyfin.Server.Startup: Storage path `"/config/data/data"` (Network) successfully checked with "10TiB" free which is over the minimum of "2GiB".
[2026-07-21 21:05:37.906 -07:00] [INF] [7] Jellyfin.Server.Startup: Storage path `"/config/cache"` (Network) successfully checked with "10TiB" free which is over the minimum of "2GiB".
[2026-07-21 21:05:37.907 -07:00] [INF] [7] Jellyfin.Server.Startup: Storage path `"/config/data"` (Network) successfully checked with "10TiB" free which is over the minimum of "2GiB".
[2026-07-21 21:05:37.910 -07:00] [INF] [7] Emby.Server.Implementations.AppBase.BaseConfigurationManager: Setting cache path: "/config/cache"
[2026-07-21 21:05:37.997 -07:00] [INF] [7] Jellyfin.Database.Providers.Sqlite.SqliteDatabaseProvider: SQLite connection string: "Data Source=/config/data/data/jellyfin.db;Cache=Default;Default Timeout=30;Pooling=True"
[2026-07-21 21:05:38.001 -07:00] [INF] [7] Jellyfin.Database.Providers.Sqlite.SqliteDatabaseProvider: SQLITE connection pragma command set to: 
"PRAGMA locking_mode=NORMAL;
PRAGMA journal_size_limit=134217728;
PRAGMA synchronous=1;
PRAGMA temp_store=2;
"
[2026-07-21 21:05:38.002 -07:00] [INF] [7] Jellyfin.Database.Implementations.Locking.NoLockBehavior: The database locking mode has been set to: NoLock.
[2026-07-21 21:05:38.031 -07:00] [INF] [7] Jellyfin.Server.Migrations.JellyfinMigrationService: Initialise Migration service.
[2026-07-21 21:05:38.268 -07:00] [WRN] [9] Microsoft.Extensions.Diagnostics.HealthChecks.DefaultHealthCheckService: Health check "StartupCheck" with status Degraded completed after 0.3768ms with message '"Server is still starting up."'
[2026-07-21 21:05:38.554 -07:00] [INF] [7] Jellyfin.Server.Migrations.JellyfinMigrationService: There are 0 migrations for stage PreInitialisation.
[2026-07-21 21:05:38.560 -07:00] [INF] [7] Emby.Server.Implementations.AppBase.BaseConfigurationManager: Setting cache path: "/config/cache"
[2026-07-21 21:05:38.577 -07:00] [INF] [7] Emby.Server.Implementations.ApplicationHost: Loading assemblies
[2026-07-21 21:05:38.607 -07:00] [INF] [7] Jellyfin.Networking.Manager.NetworkManager: Defined LAN subnets: ["::1/128", "fe80::/10", "fc00::/7", "127.0.0.1/8", "10.0.0.0/8", "172.16.0.0/12", "192.168.0.0/16"]
[2026-07-21 21:05:38.607 -07:00] [INF] [7] Jellyfin.Networking.Manager.NetworkManager: Defined LAN exclusions: []
[2026-07-21 21:05:38.607 -07:00] [INF] [7] Jellyfin.Networking.Manager.NetworkManager: Used LAN subnets: ["::1/128", "fe80::/10", "fc00::/7", "127.0.0.1/8", "10.0.0.0/8", "172.16.0.0/12", "192.168.0.0/16"]
[2026-07-21 21:05:38.608 -07:00] [INF] [7] Jellyfin.Networking.Manager.NetworkManager: Filtered interface addresses: []
[2026-07-21 21:05:38.608 -07:00] [INF] [7] Jellyfin.Networking.Manager.NetworkManager: Bind Addresses ["::"]
[2026-07-21 21:05:38.608 -07:00] [INF] [7] Jellyfin.Networking.Manager.NetworkManager: Remote IP filter is "Allowlist"
[2026-07-21 21:05:38.608 -07:00] [INF] [7] Jellyfin.Networking.Manager.NetworkManager: Filtered subnets: []
[2026-07-21 21:05:38.691 -07:00] [INF] [7] Jellyfin.Database.Providers.Sqlite.SqliteDatabaseProvider: SQLite connection string: "Data Source=/config/data/data/jellyfin.db;Cache=Default;Default Timeout=30;Pooling=True"
[2026-07-21 21:05:38.692 -07:00] [INF] [7] Jellyfin.Database.Providers.Sqlite.SqliteDatabaseProvider: SQLITE connection pragma command set to: 
"PRAGMA locking_mode=NORMAL;
PRAGMA journal_size_limit=134217728;
PRAGMA synchronous=1;
PRAGMA temp_store=2;
"
[2026-07-21 21:05:38.692 -07:00] [INF] [7] Jellyfin.Database.Implementations.Locking.NoLockBehavior: The database locking mode has been set to: NoLock.
[2026-07-21 21:05:38.694 -07:00] [INF] [7] Main: Prepare system for possible migrations
[2026-07-21 21:05:38.710 -07:00] [INF] [7] Jellyfin.Server.Migrations.JellyfinMigrationService: There are 0 migrations for stage CoreInitialisation.
[2026-07-21 21:05:38.770 -07:00] [INF] [7] Emby.Server.Implementations.Plugins.PluginManager: Loaded plugin: "TMDb" "10.11.11.0"
[2026-07-21 21:05:38.770 -07:00] [INF] [7] Emby.Server.Implementations.Plugins.PluginManager: Loaded plugin: "Studio Images" "10.11.11.0"
[2026-07-21 21:05:38.770 -07:00] [INF] [7] Emby.Server.Implementations.Plugins.PluginManager: Loaded plugin: "OMDb" "10.11.11.0"
[2026-07-21 21:05:38.776 -07:00] [INF] [7] Emby.Server.Implementations.Plugins.PluginManager: Loaded plugin: "MusicBrainz" "10.11.11.0"
[2026-07-21 21:05:38.776 -07:00] [INF] [7] Emby.Server.Implementations.Plugins.PluginManager: Loaded plugin: "AudioDB" "10.11.11.0"
[2026-07-21 21:05:38.801 -07:00] [INF] [7] Jellyfin.Server.Migrations.JellyfinMigrationService: There are 0 migrations for stage AppInitialisation.
[2026-07-21 21:05:38.949 -07:00] [INF] [7] Main: Kestrel is listening on "all interfaces"
[2026-07-21 21:05:39.268 -07:00] [WRN] [7] Microsoft.AspNetCore.StaticFiles.StaticFileMiddleware: The WebRootPath was not found: "/run/s6-rc:s6-rc-init:aONPOb/servicedirs/svc-jellyfin/wwwroot". Static files may be unavailable.
[2026-07-21 21:05:39.297 -07:00] [INF] [7] Emby.Server.Implementations.ApplicationHost: Running startup tasks
[2026-07-21 21:05:39.308 -07:00] [INF] [7] Emby.Server.Implementations.ScheduledTasks.TaskManager: Daily trigger for "Generate Trickplay Images" set to fire at 2026-07-22 03:00:00.000 -07:00, which is 05:54:20.6916833 from now.
[2026-07-21 21:05:39.325 -07:00] [INF] [7] Emby.Server.Implementations.ScheduledTasks.TaskManager: Daily trigger for "Extract Chapter Images" set to fire at 2026-07-22 02:00:00.000 -07:00, which is 04:54:20.6747353 from now.
[2026-07-21 21:05:39.440 -07:00] [INF] [7] MediaBrowser.MediaEncoding.Encoder.MediaEncoder: Found ffmpeg version "7.1.4"
[2026-07-21 21:05:39.463 -07:00] [INF] [7] MediaBrowser.MediaEncoding.Encoder.MediaEncoder: Available "decoders": ["libdav1d", "av1", "av1_cuvid", "av1_rkmpp", "h264", "h264_rkmpp", "h264_cuvid", "hevc", "hevc_rkmpp", "hevc_cuvid", "mpeg1_rkmpp", "mpeg2video", "mpeg2_rkmpp", "mpeg2_cuvid", "mpeg4", "mpeg4_rkmpp", "mpeg4_cuvid", "msmpeg4", "vc1_cuvid", "vp8", "vp8_rkmpp", "libvpx", "vp8_cuvid", "vp9", "vp9_rkmpp", "libvpx-vp9", "vp9_cuvid", "aac", "ac3", "ac4", "dca", "flac", "mp3", "truehd"]
[2026-07-21 21:05:39.470 -07:00] [INF] [7] MediaBrowser.MediaEncoding.Encoder.MediaEncoder: Available "encoders": ["libsvtav1", "av1_nvenc", "libx264", "h264_nvenc", "h264_v4l2m2m", "h264_rkmpp", "libx265", "hevc_nvenc", "hevc_rkmpp", "mjpeg_rkmpp", "aac", "libfdk_aac", "ac3", "alac", "dca", "flac", "libmp3lame", "libopus", "truehd", "libvorbis", "srt"]
[2026-07-21 21:05:39.480 -07:00] [INF] [7] MediaBrowser.MediaEncoding.Encoder.MediaEncoder: Available filters: ["bwdif_cuda", "bwdif_opencl", "hwupload_cuda", "overlay_opencl", "overlay_cuda", "overlay_rkrga", "scale_cuda", "scale_opencl", "scale_rkrga", "tonemapx", "tonemap_cuda", "tonemap_opencl", "transpose_cuda", "transpose_opencl", "vpp_rkrga", "yadif_cuda", "yadif_opencl", "zscale", "alphasrc"]
[2026-07-21 21:05:39.513 -07:00] [WRN] [7] MediaBrowser.MediaEncoding.Encoder.MediaEncoder: Filter: "overlay_vaapi" with option "Action to take when encountering EOF from secondary input" is not available
[2026-07-21 21:05:39.519 -07:00] [WRN] [7] MediaBrowser.MediaEncoding.Encoder.MediaEncoder: Filter: "overlay_vulkan" with option "Action to take when encountering EOF from secondary input" is not available
[2026-07-21 21:05:39.570 -07:00] [INF] [7] MediaBrowser.MediaEncoding.Encoder.MediaEncoder: Available hwaccel types: ["cuda", "drm", "opencl", "rkmpp"]
[2026-07-21 21:05:42.334 -07:00] [INF] [15] Emby.Server.Implementations.ScheduledTasks.TaskManager: "Clean up collections and playlists" Completed after 0 minute(s) and 0 seconds
[2026-07-21 21:05:42.345 -07:00] [INF] [11] Emby.Server.Implementations.ScheduledTasks.TaskManager: "Clean Transcode Directory" Completed after 0 minute(s) and 0 seconds
[2026-07-21 21:05:42.857 -07:00] [INF] [13] Emby.Server.Implementations.ScheduledTasks.TaskManager: "Update Plugins" Completed after 0 minute(s) and 0 seconds
[2026-07-21 21:05:48.259 -07:00] [INF] [7] MediaBrowser.MediaEncoding.Encoder.MediaEncoder: FFmpeg: "/usr/lib/jellyfin-ffmpeg/ffmpeg"
[2026-07-21 21:05:48.260 -07:00] [INF] [7] Emby.Server.Implementations.ApplicationHost: ServerId: "8fa5469ba4084ac48dcdb6d614a43740"
[2026-07-21 21:05:48.260 -07:00] [INF] [7] Emby.Server.Implementations.ApplicationHost: Core startup complete
[2026-07-21 21:05:48.261 -07:00] [INF] [7] Main: Startup complete 0:00:10.9207649
