[2026-07-25 15:16:08.032 -07:00] [INF] [1] Emby.Server.Implementations.AppBase.BaseConfigurationManager: Setting cache path: "/config/cache"
[2026-07-25 15:16:08.789 -07:00] [INF] [9] Jellyfin.Server.ServerSetupApp.SetupServer: Kestrel is listening on "all interfaces"
[2026-07-25 15:16:08.881 -07:00] [INF] [9] Main: Jellyfin version: "10.11.11"
[2026-07-25 15:16:08.887 -07:00] [INF] [9] Main: Environment Variables: ["[JELLYFIN_WEB_DIR, /usr/share/jellyfin/web]", "[JELLYFIN_CACHE_DIR, /config/cache]", "[JELLYFIN_LOG_DIR, /config/log]", "[JELLYFIN_CONFIG_DIR, /config]", "[JELLYFIN_DATA_DIR, /config/data]"]
[2026-07-25 15:16:08.892 -07:00] [INF] [9] Main: Arguments: ["/usr/lib/jellyfin/bin/jellyfin.dll", "--ffmpeg=/usr/lib/jellyfin-ffmpeg/ffmpeg"]
[2026-07-25 15:16:08.895 -07:00] [INF] [9] Main: Operating system: "Ubuntu 26.04 LTS"
[2026-07-25 15:16:08.895 -07:00] [INF] [9] Main: Architecture: X64
[2026-07-25 15:16:08.898 -07:00] [INF] [9] Main: 64-Bit Process: True
[2026-07-25 15:16:08.899 -07:00] [INF] [9] Main: User Interactive: True
[2026-07-25 15:16:08.899 -07:00] [INF] [9] Main: Processor count: 4
[2026-07-25 15:16:08.900 -07:00] [INF] [9] Main: Program data path: "/config/data"
[2026-07-25 15:16:08.900 -07:00] [INF] [9] Main: Log directory path: "/config/log"
[2026-07-25 15:16:08.900 -07:00] [INF] [9] Main: Config directory path: "/config"
[2026-07-25 15:16:08.900 -07:00] [INF] [9] Main: Cache path: "/config/cache"
[2026-07-25 15:16:08.901 -07:00] [INF] [9] Main: Temp directory path: "/tmp/jellyfin"
[2026-07-25 15:16:08.901 -07:00] [INF] [9] Main: Web resources path: "/usr/share/jellyfin/web"
[2026-07-25 15:16:08.901 -07:00] [INF] [9] Main: Application directory: "/usr/lib/jellyfin/bin/"
[2026-07-25 15:16:08.930 -07:00] [INF] [9] Jellyfin.Server.Startup: Storage path `"/config/data/data"` (Fixed) successfully checked with "14.2GiB" free which is over the minimum of "2GiB".
[2026-07-25 15:16:08.931 -07:00] [INF] [9] Jellyfin.Server.Startup: Storage path `"/config/cache"` (Fixed) successfully checked with "14.2GiB" free which is over the minimum of "2GiB".
[2026-07-25 15:16:08.931 -07:00] [INF] [9] Jellyfin.Server.Startup: Storage path `"/config/data"` (Fixed) successfully checked with "14.2GiB" free which is over the minimum of "2GiB".
[2026-07-25 15:16:08.941 -07:00] [INF] [9] Emby.Server.Implementations.AppBase.BaseConfigurationManager: Setting cache path: "/config/cache"
[2026-07-25 15:16:09.141 -07:00] [INF] [9] Jellyfin.Database.Providers.Sqlite.SqliteDatabaseProvider: SQLite connection string: "Data Source=/config/data/data/jellyfin.db;Cache=Default;Default Timeout=30;Pooling=True"
[2026-07-25 15:16:09.157 -07:00] [INF] [9] Jellyfin.Database.Providers.Sqlite.SqliteDatabaseProvider: SQLITE connection pragma command set to: 
"PRAGMA locking_mode=NORMAL;
PRAGMA journal_size_limit=134217728;
PRAGMA synchronous=1;
PRAGMA temp_store=2;
"
[2026-07-25 15:16:09.159 -07:00] [INF] [9] Jellyfin.Database.Implementations.Locking.NoLockBehavior: The database locking mode has been set to: NoLock.
[2026-07-25 15:16:09.243 -07:00] [INF] [9] Jellyfin.Server.Migrations.JellyfinMigrationService: Initialise Migration service.
[2026-07-25 15:16:09.567 -07:00] [WRN] [7] Microsoft.Extensions.Diagnostics.HealthChecks.DefaultHealthCheckService: Health check "StartupCheck" with status Degraded completed after 5.3531ms with message '"Server is still starting up."'
[2026-07-25 15:16:10.721 -07:00] [WRN] [7] Microsoft.Extensions.Diagnostics.HealthChecks.DefaultHealthCheckService: Health check "StartupCheck" with status Degraded completed after 0.0697ms with message '"Server is still starting up."'
[2026-07-25 15:16:11.476 -07:00] [INF] [9] Jellyfin.Server.Migrations.JellyfinMigrationService: There are 0 migrations for stage PreInitialisation.
[2026-07-25 15:16:11.496 -07:00] [INF] [9] Emby.Server.Implementations.AppBase.BaseConfigurationManager: Setting cache path: "/config/cache"
[2026-07-25 15:16:11.527 -07:00] [INF] [9] Emby.Server.Implementations.ApplicationHost: Loading assemblies
[2026-07-25 15:16:11.622 -07:00] [INF] [9] Jellyfin.Networking.Manager.NetworkManager: Defined LAN subnets: ["::1/128", "fe80::/10", "fc00::/7", "127.0.0.1/8", "10.0.0.0/8", "172.16.0.0/12", "192.168.0.0/16"]
[2026-07-25 15:16:11.622 -07:00] [INF] [9] Jellyfin.Networking.Manager.NetworkManager: Defined LAN exclusions: []
[2026-07-25 15:16:11.623 -07:00] [INF] [9] Jellyfin.Networking.Manager.NetworkManager: Used LAN subnets: ["::1/128", "fe80::/10", "fc00::/7", "127.0.0.1/8", "10.0.0.0/8", "172.16.0.0/12", "192.168.0.0/16"]
[2026-07-25 15:16:11.623 -07:00] [INF] [9] Jellyfin.Networking.Manager.NetworkManager: Filtered interface addresses: []
[2026-07-25 15:16:11.625 -07:00] [INF] [9] Jellyfin.Networking.Manager.NetworkManager: Bind Addresses ["::"]
[2026-07-25 15:16:11.625 -07:00] [INF] [9] Jellyfin.Networking.Manager.NetworkManager: Remote IP filter is "Allowlist"
[2026-07-25 15:16:11.625 -07:00] [INF] [9] Jellyfin.Networking.Manager.NetworkManager: Filtered subnets: []
[2026-07-25 15:16:11.827 -07:00] [WRN] [10] Microsoft.Extensions.Diagnostics.HealthChecks.DefaultHealthCheckService: Health check "StartupCheck" with status Degraded completed after 0.0039ms with message '"Server is still starting up."'
[2026-07-25 15:16:12.219 -07:00] [INF] [9] Jellyfin.Database.Providers.Sqlite.SqliteDatabaseProvider: SQLite connection string: "Data Source=/config/data/data/jellyfin.db;Cache=Default;Default Timeout=30;Pooling=True"
[2026-07-25 15:16:12.219 -07:00] [INF] [9] Jellyfin.Database.Providers.Sqlite.SqliteDatabaseProvider: SQLITE connection pragma command set to: 
"PRAGMA locking_mode=NORMAL;
PRAGMA journal_size_limit=134217728;
PRAGMA synchronous=1;
PRAGMA temp_store=2;
"
[2026-07-25 15:16:12.219 -07:00] [INF] [9] Jellyfin.Database.Implementations.Locking.NoLockBehavior: The database locking mode has been set to: NoLock.
[2026-07-25 15:16:12.227 -07:00] [INF] [9] Main: Prepare system for possible migrations
[2026-07-25 15:16:12.300 -07:00] [INF] [9] Jellyfin.Server.Migrations.JellyfinMigrationService: There are 0 migrations for stage CoreInitialisation.
[2026-07-25 15:16:12.565 -07:00] [INF] [9] Emby.Server.Implementations.Plugins.PluginManager: Loaded plugin: "TMDb" "10.11.11.0"
[2026-07-25 15:16:12.567 -07:00] [INF] [9] Emby.Server.Implementations.Plugins.PluginManager: Loaded plugin: "Studio Images" "10.11.11.0"
[2026-07-25 15:16:12.567 -07:00] [INF] [9] Emby.Server.Implementations.Plugins.PluginManager: Loaded plugin: "OMDb" "10.11.11.0"
[2026-07-25 15:16:12.585 -07:00] [INF] [9] Emby.Server.Implementations.Plugins.PluginManager: Loaded plugin: "MusicBrainz" "10.11.11.0"
[2026-07-25 15:16:12.588 -07:00] [INF] [9] Emby.Server.Implementations.Plugins.PluginManager: Loaded plugin: "AudioDB" "10.11.11.0"
[2026-07-25 15:16:12.725 -07:00] [INF] [9] Jellyfin.Server.Migrations.JellyfinMigrationService: There are 0 migrations for stage AppInitialisation.
[2026-07-25 15:16:13.187 -07:00] [INF] [10] Main: Kestrel is listening on "all interfaces"
[2026-07-25 15:16:14.508 -07:00] [WRN] [10] Microsoft.AspNetCore.StaticFiles.StaticFileMiddleware: The WebRootPath was not found: "/run/s6-rc:s6-rc-init:cgOlJP/servicedirs/svc-jellyfin/wwwroot". Static files may be unavailable.
[2026-07-25 15:16:14.618 -07:00] [INF] [10] Emby.Server.Implementations.ApplicationHost: Running startup tasks
[2026-07-25 15:16:14.648 -07:00] [INF] [10] Emby.Server.Implementations.ScheduledTasks.TaskManager: Daily trigger for "Generate Trickplay Images" set to fire at 2026-07-26 03:00:00.000 -07:00, which is 11:43:45.3520689 from now.
[2026-07-25 15:16:14.654 -07:00] [INF] [10] Emby.Server.Implementations.ScheduledTasks.TaskManager: Daily trigger for "Extract Chapter Images" set to fire at 2026-07-26 02:00:00.000 -07:00, which is 10:43:45.3450327 from now.
[2026-07-25 15:16:15.223 -07:00] [INF] [10] MediaBrowser.MediaEncoding.Encoder.MediaEncoder: Found ffmpeg version "7.1.4"
[2026-07-25 15:16:15.326 -07:00] [INF] [10] MediaBrowser.MediaEncoding.Encoder.MediaEncoder: Available "decoders": ["libdav1d", "av1", "av1_cuvid", "av1_qsv", "h264", "h264_qsv", "h264_cuvid", "hevc", "hevc_qsv", "hevc_cuvid", "mpeg2video", "mpeg2_qsv", "mpeg2_cuvid", "mpeg4", "mpeg4_cuvid", "msmpeg4", "vc1_qsv", "vc1_cuvid", "vp8", "libvpx", "vp8_cuvid", "vp8_qsv", "vp9", "libvpx-vp9", "vp9_cuvid", "vp9_qsv", "aac", "ac3", "ac4", "dca", "flac", "mp3", "truehd"]
[2026-07-25 15:16:15.358 -07:00] [INF] [10] MediaBrowser.MediaEncoding.Encoder.MediaEncoder: Available "encoders": ["libsvtav1", "av1_nvenc", "av1_qsv", "av1_amf", "av1_vaapi", "libx264", "h264_amf", "h264_nvenc", "h264_qsv", "h264_v4l2m2m", "h264_vaapi", "libx265", "hevc_amf", "hevc_nvenc", "hevc_qsv", "hevc_vaapi", "mjpeg_qsv", "mjpeg_vaapi", "aac", "libfdk_aac", "ac3", "alac", "dca", "flac", "libmp3lame", "libopus", "truehd", "libvorbis", "srt"]
[2026-07-25 15:16:15.400 -07:00] [INF] [10] MediaBrowser.MediaEncoding.Encoder.MediaEncoder: Available filters: ["bwdif_cuda", "bwdif_opencl", "deinterlace_qsv", "deinterlace_vaapi", "flip_vulkan", "hwupload_cuda", "hwupload_vaapi", "libplacebo", "overlay_opencl", "overlay_qsv", "overlay_vaapi", "overlay_vulkan", "overlay_cuda", "procamp_vaapi", "scale_cuda", "scale_opencl", "scale_qsv", "scale_vaapi", "scale_vulkan", "tonemapx", "tonemap_cuda", "tonemap_opencl", "tonemap_vaapi", "transpose_cuda", "transpose_opencl", "transpose_vaapi", "transpose_vulkan", "vpp_qsv", "yadif_cuda", "yadif_opencl", "zscale", "alphasrc"]
[2026-07-25 15:16:15.973 -07:00] [INF] [10] MediaBrowser.MediaEncoding.Encoder.MediaEncoder: Available hwaccel types: ["cuda", "vaapi", "qsv", "drm", "opencl", "vulkan"]
[2026-07-25 15:16:17.691 -07:00] [INF] [15] Emby.Server.Implementations.ScheduledTasks.TaskManager: "Clean Transcode Directory" Completed after 0 minute(s) and 0 seconds
[2026-07-25 15:16:17.703 -07:00] [INF] [13] Emby.Server.Implementations.ScheduledTasks.TaskManager: "Clean up collections and playlists" Completed after 0 minute(s) and 0 seconds
[2026-07-25 15:16:19.246 -07:00] [INF] [15] Emby.Server.Implementations.ScheduledTasks.TaskManager: "Update Plugins" Completed after 0 minute(s) and 1 seconds
[2026-07-25 15:16:30.023 -07:00] [INF] [10] MediaBrowser.MediaEncoding.Encoder.MediaEncoder: FFmpeg: "/usr/lib/jellyfin-ffmpeg/ffmpeg"
[2026-07-25 15:16:30.024 -07:00] [INF] [10] Emby.Server.Implementations.ApplicationHost: ServerId: "8fa5469ba4084ac48dcdb6d614a43740"
[2026-07-25 15:16:30.024 -07:00] [INF] [10] Emby.Server.Implementations.ApplicationHost: Core startup complete
[2026-07-25 15:16:30.024 -07:00] [INF] [10] Main: Startup complete 0:00:23.6927638
